DELETE /api/v1/catalog/rooms/:id
GET /api/v1/admin/feature-flags
GET /api/v1/auth/guest/me
GET /api/v1/auth/staff/me
GET /api/v1/availability
GET /api/v1/bookings/:id
GET /api/v1/bookings/:id/payment
GET /api/v1/bookings/:id/room-moves
GET /api/v1/catalog/rooms
GET /api/v1/catalog/rooms/:id
GET /api/v1/finance/cases
GET /api/v1/finance/reconciliations
GET /api/v1/front-desk/daily-roster
GET /api/v1/front-desk/handover-notes
GET /api/v1/front-desk/special-requests
GET /api/v1/guest/bookings
GET /api/v1/guest/bookings/:id
GET /api/v1/guest/bookings/:id/calendar.ics
GET /api/v1/guest/bookings/:id/payment
GET /api/v1/guest/bookings/:id/receipt
GET /api/v1/guest/bookings/:id/refund-status
GET /api/v1/guest/bookings/:id/special-requests
GET /api/v1/housekeeping/rooms
GET /api/v1/search
GET /healthz
GET /ready
HEAD /healthz
HEAD /ready
POST /api/v1/auth/guest/challenge
POST /api/v1/auth/guest/logout
POST /api/v1/auth/guest/verify
POST /api/v1/auth/staff/login
POST /api/v1/auth/staff/logout
POST /api/v1/bookings
POST /api/v1/bookings/:id/cancel
POST /api/v1/bookings/:id/check-in
POST /api/v1/bookings/:id/check-out
POST /api/v1/bookings/:id/extend-stay
POST /api/v1/bookings/:id/no-show
POST /api/v1/bookings/:id/room-move
POST /api/v1/catalog/rooms
POST /api/v1/finance/cases/:id/resolve
POST /api/v1/finance/refunds
POST /api/v1/front-desk/handover-notes
POST /api/v1/guest/bookings/:id/special-requests
POST /api/v1/housekeeping/rooms/:id/out-of-order
POST /api/v1/quotes
POST /api/v1/webhooks/xendit
POST /fake-pay/:ref
PUT /api/v1/admin/feature-flags/:key
PUT /api/v1/catalog/rooms/:id
PUT /api/v1/front-desk/special-requests/:id/status
PUT /api/v1/housekeeping/rooms/:id/status
